-------------------------------------------------------------------------------
Property Report
-------------------------------------------------------------------------------
Questa Formal Version 2020.2_1 linux_x86_64 27 May 2020
-------------------------------------------------------------------------------
Report Generated               : Wed Nov 12 16:09:59 2025
-------------------------------------------------------------------------------

Property Summary
-------------------------------------------------------------------------------
Total    Directives :8
Assert   Directives :8
Assume   Directives :0
Cover    Directives :0


SVA Summary
-------------------------------------------------------------------------------
SVA Directive Type        Directives           Checkers
-------------------------------------------------------------------------------
Assert                         8                   8
Assume                         0                   0
Cover                          0                   0
-------------------------------------------------------------------------------


Property Checks Summary
-------------------------------------------------------------------------------
Count Check
-------------------------------------------------------------------------------
    1 SELF_VACUOUS (Self vacuous property)
-------------------------------------------------------------------------------

Compiled Properties:
-------------------------------------------------------------------------------
Assertions:
    duv.binded.a1
    duv.binded.a2
    duv.binded.a3
    duv.binded.a3_1
    duv.binded.a4
    duv.binded.a5
    duv.binded.a6
    duv.binded.a7


===============================================================================
Module: elevator_fsm_assertions
===============================================================================
Parameters: 
    parameter  ERRNO = 0
Summary
-------------------------------------------------------------------------------
Assertions   : 8 
Assumptions  : 0 
Covers       : 0 
-------------------------------------------------------------------------------
assert a1 (sva)
  Instance: duv.binded.a1
  Location: File /media/sf_share_folder/vse/heig_vse_25/ex06_sv_assertions_elevator/code/v2/src_tb/elevator_fsm_assertions.sv, Line 26
  Severity: error
  Stats:   depth=1 gates=12 flops=0
  SELF_VACUOUS (Self vacuous property) (warning) 

assert a2 (sva)
  Instance: duv.binded.a2
  Location: File /media/sf_share_folder/vse/heig_vse_25/ex06_sv_assertions_elevator/code/v2/src_tb/elevator_fsm_assertions.sv, Line 35
  Severity: error
  Stats:   depth=1 gates=7 flops=0

assert a3 (sva)
  Instance: duv.binded.a3
  Location: File /media/sf_share_folder/vse/heig_vse_25/ex06_sv_assertions_elevator/code/v2/src_tb/elevator_fsm_assertions.sv, Line 39
  Severity: error
  Stats:   depth=10 gates=51 flops=10

assert a3_1 (sva)
  Instance: duv.binded.a3_1
  Location: File /media/sf_share_folder/vse/heig_vse_25/ex06_sv_assertions_elevator/code/v2/src_tb/elevator_fsm_assertions.sv, Line 42
  Severity: error
  Stats:   depth=10 gates=51 flops=10

assert a4 (sva)
  Instance: duv.binded.a4
  Location: File /media/sf_share_folder/vse/heig_vse_25/ex06_sv_assertions_elevator/code/v2/src_tb/elevator_fsm_assertions.sv, Line 46
  Severity: error
  Stats:   depth=11 gates=53 flops=11

assert a5 (sva)
  Instance: duv.binded.a5
  Location: File /media/sf_share_folder/vse/heig_vse_25/ex06_sv_assertions_elevator/code/v2/src_tb/elevator_fsm_assertions.sv, Line 50
  Severity: error
  Stats:   depth=11 gates=22 flops=10

assert a6 (sva)
  Instance: duv.binded.a6
  Location: File /media/sf_share_folder/vse/heig_vse_25/ex06_sv_assertions_elevator/code/v2/src_tb/elevator_fsm_assertions.sv, Line 54
  Severity: error
  Stats:   depth=3 gates=26 flops=3

assert a7 (sva)
  Instance: duv.binded.a7
  Location: File /media/sf_share_folder/vse/heig_vse_25/ex06_sv_assertions_elevator/code/v2/src_tb/elevator_fsm_assertions.sv, Line 58
  Severity: error
  Stats:   depth=3 gates=26 flops=3

