
Questa PropCheck Version 2020.2_1 linux_x86_64 27 May 2020

****************************************************************************************
PropCheck Setting Report
Created Wed Nov 12 16:10:12 2025
****************************************************************************************


****************************************************************************************
Section A:  Global Directives
****************************************************************************************

netlist clock directive
----------------------------------------------------------------------------------------
netlist clock clk_i  [Inferred]

netlist reset directive
----------------------------------------------------------------------------------------
netlist reset rst_i -active_high  [Inferred]


****************************************************************************************
Section B:  Unmatched Global Directives
****************************************************************************************


****************************************************************************************
Section C:  Wild Card Expansion for Global Directives
****************************************************************************************
